org.junit.jupiter.engine@${version} jar:file:.+/junit-jupiter-engine-\d.+\.jar..module-info\.class
requires java.base mandated
requires org.apiguardian.api static
requires org.junit.jupiter.api
requires org.junit.platform.commons
requires org.junit.platform.engine
requires org.opentest4j
uses org.junit.jupiter.api.extension.Extension
uses org.junit.jupiter.engine.support.MethodAdapterFactory
provides org.junit.platform.engine.TestEngine with org.junit.jupiter.engine.JupiterTestEngine
qualified exports org.junit.jupiter.engine.support to org.junit.jupiter.kotlin
qualified opens org.junit.jupiter.engine.extension to org.junit.platform.commons
contains org.junit.jupiter.engine
