org.junit.onramp@${version} jar:file:.+/junit-onramp-\d.+\.jar..module-info\.class
exports org.junit.onramp
requires java.base mandated
requires org.apiguardian.api static transitive
requires org.jspecify static transitive
requires org.junit.jupiter transitive
requires org.junit.platform.console
requires org.junit.platform.launcher
uses java.util.spi.ToolProvider
main-class org.junit.onramp.JUnit
